Archive member included because of file (symbol)

C:\apes\docs\lcpxpresso-projects\ARM\LPC1114\tests\CMSISv2p00_LPC11xx\Debug\libCMSISv2p00_LPC11xx.a(system_LPC11xx.o)
                              ./src/spi-5110-test.o (SystemCoreClockUpdate)
c:/nxp/lpcxpresso_7.5.0_254/lpcxpresso/tools/bin/../lib/gcc/arm-none-eabi/4.8.4/../../../../arm-none-eabi/lib/armv6-m\libcr_c.a(__weak__main.o)
                              ./src/cr_startup_lpc11xx.o (__main)
c:/nxp/lpcxpresso_7.5.0_254/lpcxpresso/tools/bin/../lib/gcc/arm-none-eabi/4.8.4/armv6-m\libcr_eabihelpers.a(division_32.o)
                              ./src/spi-5110-test.o (__aeabi_uidiv)
c:/nxp/lpcxpresso_7.5.0_254/lpcxpresso/tools/bin/../lib/gcc/arm-none-eabi/4.8.4/armv6-m\libcr_eabihelpers.a(division_idiv0.o)
                              c:/nxp/lpcxpresso_7.5.0_254/lpcxpresso/tools/bin/../lib/gcc/arm-none-eabi/4.8.4/armv6-m\libcr_eabihelpers.a(division_32.o) (__aeabi_idiv0)

Discarded input sections

 .group         0x00000000        0x8 ./src/cr_startup_lpc11xx.o
 .text          0x00000000        0x0 ./src/cr_startup_lpc11xx.o
 .data          0x00000000        0x0 ./src/cr_startup_lpc11xx.o
 .bss           0x00000000        0x0 ./src/cr_startup_lpc11xx.o
 .group         0x00000000        0x8 ./src/crp.o
 .group         0x00000000        0x8 ./src/crp.o
 .text          0x00000000        0x0 ./src/crp.o
 .data          0x00000000        0x0 ./src/crp.o
 .bss           0x00000000        0x0 ./src/crp.o
 .debug_macro   0x00000000      0x820 ./src/crp.o
 .group         0x00000000        0x8 ./src/spi-5110-test.o
 .group         0x00000000        0x8 ./src/spi-5110-test.o
 .group         0x00000000        0x8 ./src/spi-5110-test.o
 .group         0x00000000        0x8 ./src/spi-5110-test.o
 .group         0x00000000        0x8 ./src/spi-5110-test.o
 .group         0x00000000        0x8 ./src/spi-5110-test.o
 .group         0x00000000        0x8 ./src/spi-5110-test.o
 .group         0x00000000        0x8 ./src/spi-5110-test.o
 .group         0x00000000        0x8 ./src/spi-5110-test.o
 .group         0x00000000        0x8 ./src/spi-5110-test.o
 .text          0x00000000        0x0 ./src/spi-5110-test.o
 .data          0x00000000        0x0 ./src/spi-5110-test.o
 .bss           0x00000000        0x0 ./src/spi-5110-test.o
 .text.delayUs  0x00000000       0x4c ./src/spi-5110-test.o
 .debug_macro   0x00000000      0x820 ./src/spi-5110-test.o
 .debug_macro   0x00000000       0x34 ./src/spi-5110-test.o
 .group         0x00000000        0x8 C:\apes\docs\lcpxpresso-projects\ARM\LPC1114\tests\CMSISv2p00_LPC11xx\Debug\libCMSISv2p00_LPC11xx.a(system_LPC11xx.o)
 .group         0x00000000        0x8 C:\apes\docs\lcpxpresso-projects\ARM\LPC1114\tests\CMSISv2p00_LPC11xx\Debug\libCMSISv2p00_LPC11xx.a(system_LPC11xx.o)
 .group         0x00000000        0x8 C:\apes\docs\lcpxpresso-projects\ARM\LPC1114\tests\CMSISv2p00_LPC11xx\Debug\libCMSISv2p00_LPC11xx.a(system_LPC11xx.o)
 .group         0x00000000        0x8 C:\apes\docs\lcpxpresso-projects\ARM\LPC1114\tests\CMSISv2p00_LPC11xx\Debug\libCMSISv2p00_LPC11xx.a(system_LPC11xx.o)
 .group         0x00000000        0x8 C:\apes\docs\lcpxpresso-projects\ARM\LPC1114\tests\CMSISv2p00_LPC11xx\Debug\libCMSISv2p00_LPC11xx.a(system_LPC11xx.o)
 .group         0x00000000        0x8 C:\apes\docs\lcpxpresso-projects\ARM\LPC1114\tests\CMSISv2p00_LPC11xx\Debug\libCMSISv2p00_LPC11xx.a(system_LPC11xx.o)
 .group         0x00000000        0x8 C:\apes\docs\lcpxpresso-projects\ARM\LPC1114\tests\CMSISv2p00_LPC11xx\Debug\libCMSISv2p00_LPC11xx.a(system_LPC11xx.o)
 .group         0x00000000        0x8 C:\apes\docs\lcpxpresso-projects\ARM\LPC1114\tests\CMSISv2p00_LPC11xx\Debug\libCMSISv2p00_LPC11xx.a(system_LPC11xx.o)
 .text          0x00000000        0x0 C:\apes\docs\lcpxpresso-projects\ARM\LPC1114\tests\CMSISv2p00_LPC11xx\Debug\libCMSISv2p00_LPC11xx.a(system_LPC11xx.o)
 .data          0x00000000        0x0 C:\apes\docs\lcpxpresso-projects\ARM\LPC1114\tests\CMSISv2p00_LPC11xx\Debug\libCMSISv2p00_LPC11xx.a(system_LPC11xx.o)
 .bss           0x00000000        0x0 C:\apes\docs\lcpxpresso-projects\ARM\LPC1114\tests\CMSISv2p00_LPC11xx\Debug\libCMSISv2p00_LPC11xx.a(system_LPC11xx.o)
 .debug_macro   0x00000000       0x10 C:\apes\docs\lcpxpresso-projects\ARM\LPC1114\tests\CMSISv2p00_LPC11xx\Debug\libCMSISv2p00_LPC11xx.a(system_LPC11xx.o)
 .debug_macro   0x00000000      0x12d C:\apes\docs\lcpxpresso-projects\ARM\LPC1114\tests\CMSISv2p00_LPC11xx\Debug\libCMSISv2p00_LPC11xx.a(system_LPC11xx.o)
 .debug_macro   0x00000000      0x5b2 C:\apes\docs\lcpxpresso-projects\ARM\LPC1114\tests\CMSISv2p00_LPC11xx\Debug\libCMSISv2p00_LPC11xx.a(system_LPC11xx.o)
 .debug_macro   0x00000000       0x1c C:\apes\docs\lcpxpresso-projects\ARM\LPC1114\tests\CMSISv2p00_LPC11xx\Debug\libCMSISv2p00_LPC11xx.a(system_LPC11xx.o)
 .debug_macro   0x00000000       0x2e C:\apes\docs\lcpxpresso-projects\ARM\LPC1114\tests\CMSISv2p00_LPC11xx\Debug\libCMSISv2p00_LPC11xx.a(system_LPC11xx.o)
 .debug_macro   0x00000000      0x237 C:\apes\docs\lcpxpresso-projects\ARM\LPC1114\tests\CMSISv2p00_LPC11xx\Debug\libCMSISv2p00_LPC11xx.a(system_LPC11xx.o)
 .debug_macro   0x00000000      0x131 C:\apes\docs\lcpxpresso-projects\ARM\LPC1114\tests\CMSISv2p00_LPC11xx\Debug\libCMSISv2p00_LPC11xx.a(system_LPC11xx.o)
 .text          0x00000000        0x0 c:/nxp/lpcxpresso_7.5.0_254/lpcxpresso/tools/bin/../lib/gcc/arm-none-eabi/4.8.4/../../../../arm-none-eabi/lib/armv6-m\libcr_c.a(__weak__main.o)
 .data          0x00000000        0x0 c:/nxp/lpcxpresso_7.5.0_254/lpcxpresso/tools/bin/../lib/gcc/arm-none-eabi/4.8.4/../../../../arm-none-eabi/lib/armv6-m\libcr_c.a(__weak__main.o)
 .bss           0x00000000        0x0 c:/nxp/lpcxpresso_7.5.0_254/lpcxpresso/tools/bin/../lib/gcc/arm-none-eabi/4.8.4/../../../../arm-none-eabi/lib/armv6-m\libcr_c.a(__weak__main.o)
 .text          0x00000000        0x0 c:/nxp/lpcxpresso_7.5.0_254/lpcxpresso/tools/bin/../lib/gcc/arm-none-eabi/4.8.4/armv6-m\libcr_eabihelpers.a(division_32.o)
 .data          0x00000000        0x0 c:/nxp/lpcxpresso_7.5.0_254/lpcxpresso/tools/bin/../lib/gcc/arm-none-eabi/4.8.4/armv6-m\libcr_eabihelpers.a(division_32.o)
 .bss           0x00000000        0x0 c:/nxp/lpcxpresso_7.5.0_254/lpcxpresso/tools/bin/../lib/gcc/arm-none-eabi/4.8.4/armv6-m\libcr_eabihelpers.a(division_32.o)
 .text          0x00000000        0x0 c:/nxp/lpcxpresso_7.5.0_254/lpcxpresso/tools/bin/../lib/gcc/arm-none-eabi/4.8.4/armv6-m\libcr_eabihelpers.a(division_idiv0.o)
 .data          0x00000000        0x0 c:/nxp/lpcxpresso_7.5.0_254/lpcxpresso/tools/bin/../lib/gcc/arm-none-eabi/4.8.4/armv6-m\libcr_eabihelpers.a(division_idiv0.o)
 .bss           0x00000000        0x0 c:/nxp/lpcxpresso_7.5.0_254/lpcxpresso/tools/bin/../lib/gcc/arm-none-eabi/4.8.4/armv6-m\libcr_eabihelpers.a(division_idiv0.o)

emory Configuration

Name             Origin             Length             Attributes
Flash32         0x00000000         0x00008000         xr
RamLoc8          0x10000000         0x00002000         xrw
*default*        0x00000000         0xffffffff

Linker script and memory map

LOAD ./src/cr_startup_lpc11xx.o
LOAD ./src/crp.o
LOAD ./src/spi-5110-test.o
LOAD C:\apes\docs\lcpxpresso-projects\ARM\LPC1114\tests\CMSISv2p00_LPC11xx\Debug\libCMSISv2p00_LPC11xx.a
START GROUP
LOAD c:/nxp/lpcxpresso_7.5.0_254/lpcxpresso/tools/bin/../lib/gcc/arm-none-eabi/4.8.4/../../../../arm-none-eabi/lib/armv6-m\libcr_c.a
LOAD c:/nxp/lpcxpresso_7.5.0_254/lpcxpresso/tools/bin/../lib/gcc/arm-none-eabi/4.8.4/armv6-m\libcr_eabihelpers.a
END GROUP
                0x00008000                __top_MFlash32 = 0x8000
                0x10002000                __top_RamLoc8 = 0x10002000

.text           0x00000000      0xa88
 FILL mask 0xff
                0x00000000                __vectors_start__ = ABSOLUTE (.)
 *(.isr_vector)
 .isr_vector    0x00000000       0xc0 ./src/cr_startup_lpc11xx.o
                0x00000000                g_pfnVectors
                0x000000c0                . = ALIGN (0x4)
                0x000000c0                __section_table_start = .
                0x000000c0                __data_section_table = .
                0x000000c0        0x4 LONG 0xa88 LOADADDR (.data)
                0x000000c4        0x4 LONG 0x10000000 ADDR (.data)
                0x000000c8        0x4 LONG 0x4 SIZEOF (.data)
                0x000000cc                __data_section_table_end = .
                0x000000cc                __bss_section_table = .
                0x000000cc        0x4 LONG 0x10000004 ADDR (.bss)
                0x000000d0        0x4 LONG 0x0 SIZEOF (.bss)
                0x000000d4                __bss_section_table_end = .
                0x000000d4                __section_table_end = .
 *(.after_vectors*)
 .after_vectors
                0x000000d4      0x128 ./src/cr_startup_lpc11xx.o
                0x000000d4                data_init
                0x00000114                bss_init
                0x00000148                ResetISR
                0x000001cc                NMI_Handler
                0x000001d4                HardFault_Handler
                0x000001dc                SVC_Handler
                0x000001e4                PendSV_Handler
                0x000001ec                SysTick_Handler
                0x000001f4                TIMER32_1_IRQHandler
                0x000001f4                IntDefaultHandler
                0x000001f4                PIOINT1_IRQHandler
                0x000001f4                CAN_IRQHandler
                0x000001f4                TIMER32_0_IRQHandler
                0x000001f4                UART_IRQHandler
                0x000001f4                TIMER16_1_IRQHandler
                0x000001f4                ADC_IRQHandler
                0x000001f4                SSP1_IRQHandler
                0x000001f4                PIOINT2_IRQHandler
                0x000001f4                BOD_IRQHandler
                0x000001f4                WAKEUP_IRQHandler
                0x000001f4                PIOINT0_IRQHandler
                0x000001f4                I2C_IRQHandler
                0x000001f4                WDT_IRQHandler
                0x000001f4                TIMER16_0_IRQHandler
                0x000001f4                SSP0_IRQHandler
                0x000001f4                PIOINT3_IRQHandler
                0x000002fc                . = 0x2fc
 *fill*         0x000001fc      0x100 ff
                0x000002fc                PROVIDE (__CRP_WORD_START__, .)
 *(.crp)
 .crp           0x000002fc        0x4 ./src/crp.o
                0x000002fc                CRP_WORD
                0x00000300                PROVIDE (__CRP_WORD_END__, .)
                0x00000001                ASSERT (! ((__CRP_WORD_START__ == __CRP_WORD_END__)), Linker CRP Enabled, but no CRP_WORD provided within application)
 *(.text*)
 .text.main     0x00000300       0x30 ./src/spi-5110-test.o
                0x00000300                main
 .text.spiInit  0x00000330       0x5c ./src/spi-5110-test.o
                0x00000330                spiInit
 .text.spiPinsConfig
                0x0000038c      0x10c ./src/spi-5110-test.o
                0x0000038c                spiPinsConfig
 .text.spiSend  0x00000498       0x28 ./src/spi-5110-test.o
                0x00000498                spiSend
 .text.sysTickConfig
                0x000004c0       0x34 ./src/spi-5110-test.o
                0x000004c0                sysTickConfig
 .text.glcdSend
                0x000004f4       0x84 ./src/spi-5110-test.o
                0x000004f4                glcdSend
 .text.glcdPutChar
                0x00000578       0x58 ./src/spi-5110-test.o
                0x00000578                glcdPutChar
 .text.glcdClear
                0x000005d0       0x2c ./src/spi-5110-test.o
                0x000005d0                glcdClear
 .text.glcdPutString
                0x000005fc       0x28 ./src/spi-5110-test.o
                0x000005fc                glcdPutString
 .text.glcdInit
                0x00000624       0x6c ./src/spi-5110-test.o
                0x00000624                glcdInit
 .text.SystemCoreClockUpdate
                0x00000690       0xa0 C:\apes\docs\lcpxpresso-projects\ARM\LPC1114\tests\CMSISv2p00_LPC11xx\Debug\libCMSISv2p00_LPC11xx.a(system_LPC11xx.o)
                0x00000690                SystemCoreClockUpdate
 .text.SystemInit
                0x00000730       0x90 C:\apes\docs\lcpxpresso-projects\ARM\LPC1114\tests\CMSISv2p00_LPC11xx\Debug\libCMSISv2p00_LPC11xx.a(system_LPC11xx.o)
                0x00000730                SystemInit
 .text.__weak_main
                0x000007c0        0x8 c:/nxp/lpcxpresso_7.5.0_254/lpcxpresso/tools/bin/../lib/gcc/arm-none-eabi/4.8.4/../../../../arm-none-eabi/lib/armv6-m\libcr_c.a(__weak__main.o)
                0x000007c0                __weak_main
                0x000007c0                __main
 .text.__aeabi_division_idivmod
                0x000007c8       0x78 c:/nxp/lpcxpresso_7.5.0_254/lpcxpresso/tools/bin/../lib/gcc/arm-none-eabi/4.8.4/armv6-m\libcr_eabihelpers.a(division_32.o)
                0x000007c8                __aeabi_idivmod
                0x000007c8                __aeabi_idiv
                0x000007ce                __aeabi_uidivmod
                0x000007ce                __aeabi_uidiv
 .text.__aeabi_division_idiv0
                0x00000840        0x2 c:/nxp/lpcxpresso_7.5.0_254/lpcxpresso/tools/bin/../lib/gcc/arm-none-eabi/4.8.4/armv6-m\libcr_eabihelpers.a(division_idiv0.o)
                0x00000840                __aeabi_idiv0
 *(.rodata .rodata.* .constdata .constdata.*)
 *fill*         0x00000842        0x2 
 .rodata.ASCII  0x00000844      0x1e0 ./src/spi-5110-test.o
 .rodata        0x00000a24       0x24 ./src/spi-5110-test.o
 .rodata.CSWTCH.7
                0x00000a48       0x40 C:\apes\docs\lcpxpresso-projects\ARM\LPC1114\tests\CMSISv2p00_LPC11xx\Debug\libCMSISv2p00_LPC11xx.a(system_LPC11xx.o)
                0x00000a88                . = ALIGN (0x4)

.glue_7         0x00000a88        0x0
 .glue_7        0x00000000        0x0 linker stubs

.glue_7t        0x00000a88        0x0
 .glue_7t       0x00000000        0x0 linker stubs

.vfp11_veneer   0x00000a88        0x0
 .vfp11_veneer  0x00000000        0x0 linker stubs

.v4_bx          0x00000a88        0x0
 .v4_bx         0x00000000        0x0 linker stubs

.iplt           0x00000a88        0x0
 .iplt          0x00000000        0x0 ./src/cr_startup_lpc11xx.o

.rel.dyn        0x00000a88        0x0
 .rel.iplt      0x00000000        0x0 ./src/cr_startup_lpc11xx.o

.ARM.extab
 *(.ARM.extab* .gnu.linkonce.armextab.*)
                0x00000a88                __exidx_start = .

.ARM.exidx
 *(.ARM.exidx* .gnu.linkonce.armexidx.*)
                0x00000a88                __exidx_end = .
                0x00000a88                _etext = .

.uninit_RESERVED
                0x10000000        0x0
 *(.bss.$RESERVED*)
                0x10000000                . = ALIGN (0x4)
                0x10000000                _end_uninit_RESERVED = .

.data           0x10000000        0x4 load address 0x00000a88
 FILL mask 0xff
                0x10000000                _data = .
 *(vtable)
 *(.ramfunc*)
 *(.data*)
 .data.SystemCoreClock
                0x10000000        0x4 C:\apes\docs\lcpxpresso-projects\ARM\LPC1114\tests\CMSISv2p00_LPC11xx\Debug\libCMSISv2p00_LPC11xx.a(system_LPC11xx.o)
                0x10000000                SystemCoreClock
                0x10000004                . = ALIGN (0x4)
                0x10000004                _edata = .

.igot.plt       0x10000004        0x0 load address 0x00000a8c
 .igot.plt      0x00000000        0x0 ./src/cr_startup_lpc11xx.o

.bss            0x10000004        0x0 load address 0x00000a8c
                0x10000004                _bss = .
 *(.bss*)
 *(COMMON)
                0x10000004                . = ALIGN (0x4)
                0x10000004                _ebss = .
                0x10000004                PROVIDE (end, .)

.noinit         0x10000004        0x0 load address 0x00000a8c
                0x10000004                _noinit = .
 *(.noinit*)
                0x10000004                . = ALIGN (0x4)
                0x10000004                _end_noinit = .
                0x10000004                PROVIDE (_pvHeapStart, DEFINED (__user_heap_base)?__user_heap_base:.)
                0x10002000                PROVIDE (_vStackTop, DEFINED (__user_stack_top)?__user_stack_top:(__top_RamLoc8 - 0x0))
OUTPUT(spi-5110-test.axf elf32-littlearm)

.debug_info     0x00000000     0x1090
 .debug_info    0x00000000      0x1fe ./src/cr_startup_lpc11xx.o
 .debug_info    0x000001fe       0x3f ./src/crp.o
 .debug_info    0x0000023d      0x9fd ./src/spi-5110-test.o
 .debug_info    0x00000c3a      0x456 C:\apes\docs\lcpxpresso-projects\ARM\LPC1114\tests\CMSISv2p00_LPC11xx\Debug\libCMSISv2p00_LPC11xx.a(system_LPC11xx.o)

.debug_abbrev   0x00000000      0x40f
 .debug_abbrev  0x00000000       0xe6 ./src/cr_startup_lpc11xx.o
 .debug_abbrev  0x000000e6       0x36 ./src/crp.o
 .debug_abbrev  0x0000011c      0x1ed ./src/spi-5110-test.o
 .debug_abbrev  0x00000309      0x106 C:\apes\docs\lcpxpresso-projects\ARM\LPC1114\tests\CMSISv2p00_LPC11xx\Debug\libCMSISv2p00_LPC11xx.a(system_LPC11xx.o)

.debug_aranges  0x00000000      0x110
 .debug_aranges
                0x00000000       0x60 ./src/cr_startup_lpc11xx.o
 .debug_aranges
                0x00000060       0x18 ./src/crp.o
 .debug_aranges
                0x00000078       0x70 ./src/spi-5110-test.o
 .debug_aranges
                0x000000e8       0x28 C:\apes\docs\lcpxpresso-projects\ARM\LPC1114\tests\CMSISv2p00_LPC11xx\Debug\libCMSISv2p00_LPC11xx.a(system_LPC11xx.o)

.debug_ranges   0x00000000       0xc8
 .debug_ranges  0x00000000       0x50 ./src/cr_startup_lpc11xx.o
 .debug_ranges  0x00000050       0x60 ./src/spi-5110-test.o
 .debug_ranges  0x000000b0       0x18 C:\apes\docs\lcpxpresso-projects\ARM\LPC1114\tests\CMSISv2p00_LPC11xx\Debug\libCMSISv2p00_LPC11xx.a(system_LPC11xx.o)

.debug_macro    0x00000000     0x1dad
 .debug_macro   0x00000000       0x1d ./src/cr_startup_lpc11xx.o
 .debug_macro   0x0000001d      0x820 ./src/cr_startup_lpc11xx.o
 .debug_macro   0x0000083d       0x1a ./src/crp.o
 .debug_macro   0x00000857       0x34 ./src/crp.o
 .debug_macro   0x0000088b       0xaa ./src/spi-5110-test.o
 .debug_macro   0x00000935       0x1c ./src/spi-5110-test.o
 .debug_macro   0x00000951       0x2e ./src/spi-5110-test.o
 .debug_macro   0x0000097f       0x10 ./src/spi-5110-test.o
 .debug_macro   0x0000098f      0x12d ./src/spi-5110-test.o
 .debug_macro   0x00000abc      0x5b2 ./src/spi-5110-test.o
 .debug_macro   0x0000106e      0x237 ./src/spi-5110-test.o
 .debug_macro   0x000012a5      0x131 ./src/spi-5110-test.o
 .debug_macro   0x000013d6       0x82 ./src/spi-5110-test.o
 .debug_macro   0x00001458      0x13b C:\apes\docs\lcpxpresso-projects\ARM\LPC1114\tests\CMSISv2p00_LPC11xx\Debug\libCMSISv2p00_LPC11xx.a(system_LPC11xx.o)
 .debug_macro   0x00001593      0x81a C:\apes\docs\lcpxpresso-projects\ARM\LPC1114\tests\CMSISv2p00_LPC11xx\Debug\libCMSISv2p00_LPC11xx.a(system_LPC11xx.o)

.debug_line     0x00000000      0x670
 .debug_line    0x00000000       0xc2 ./src/cr_startup_lpc11xx.o
 .debug_line    0x000000c2       0x78 ./src/crp.o
 .debug_line    0x0000013a      0x36f ./src/spi-5110-test.o
 .debug_line    0x000004a9      0x1c7 C:\apes\docs\lcpxpresso-projects\ARM\LPC1114\tests\CMSISv2p00_LPC11xx\Debug\libCMSISv2p00_LPC11xx.a(system_LPC11xx.o)

.debug_str      0x00000000     0x6023
 .debug_str     0x00000000     0x246e ./src/cr_startup_lpc11xx.o
                               0x2481 (size before relaxing)
 .debug_str     0x0000246e       0xe9 ./src/crp.o
                               0x23e3 (size before relaxing)
 .debug_str     0x00002557     0x3626 ./src/spi-5110-test.o
                               0x5a72 (size before relaxing)
 .debug_str     0x00005b7d      0x4a6 C:\apes\docs\lcpxpresso-projects\ARM\LPC1114\tests\CMSISv2p00_LPC11xx\Debug\libCMSISv2p00_LPC11xx.a(system_LPC11xx.o)
                               0x5597 (size before relaxing)

.comment        0x00000000       0xe0
 .comment       0x00000000       0x70 ./src/cr_startup_lpc11xx.o
                                 0x71 (size before relaxing)
 .comment       0x00000000       0x71 ./src/crp.o
 .comment       0x00000000       0x71 ./src/spi-5110-test.o
 .comment       0x00000000       0x71 C:\apes\docs\lcpxpresso-projects\ARM\LPC1114\tests\CMSISv2p00_LPC11xx\Debug\libCMSISv2p00_LPC11xx.a(system_LPC11xx.o)
 .comment       0x00000070       0x70 c:/nxp/lpcxpresso_7.5.0_254/lpcxpresso/tools/bin/../lib/gcc/arm-none-eabi/4.8.4/../../../../arm-none-eabi/lib/armv6-m\libcr_c.a(__weak__main.o)
                                 0x71 (size before relaxing)

.ARM.attributes
                0x00000000       0x2f
 .ARM.attributes
                0x00000000       0x31 ./src/cr_startup_lpc11xx.o
 .ARM.attributes
                0x00000031       0x31 ./src/crp.o
 .ARM.attributes
                0x00000062       0x31 ./src/spi-5110-test.o
 .ARM.attributes
                0x00000093       0x31 C:\apes\docs\lcpxpresso-projects\ARM\LPC1114\tests\CMSISv2p00_LPC11xx\Debug\libCMSISv2p00_LPC11xx.a(system_LPC11xx.o)
 .ARM.attributes
                0x000000c4       0x31 c:/nxp/lpcxpresso_7.5.0_254/lpcxpresso/tools/bin/../lib/gcc/arm-none-eabi/4.8.4/../../../../arm-none-eabi/lib/armv6-m\libcr_c.a(__weak__main.o)
 .ARM.attributes
                0x000000f5       0x21 c:/nxp/lpcxpresso_7.5.0_254/lpcxpresso/tools/bin/../lib/gcc/arm-none-eabi/4.8.4/armv6-m\libcr_eabihelpers.a(division_32.o)
 .ARM.attributes
                0x00000116       0x21 c:/nxp/lpcxpresso_7.5.0_254/lpcxpresso/tools/bin/../lib/gcc/arm-none-eabi/4.8.4/armv6-m\libcr_eabihelpers.a(division_idiv0.o)

.debug_frame    0x00000000      0x2bc
 .debug_frame   0x00000000      0x118 ./src/cr_startup_lpc11xx.o
 .debug_frame   0x00000118      0x160 ./src/spi-5110-test.o
 .debug_frame   0x00000278       0x44 C:\apes\docs\lcpxpresso-projects\ARM\LPC1114\tests\CMSISv2p00_LPC11xx\Debug\libCMSISv2p00_LPC11xx.a(system_LPC11xx.o)

.debug_loc      0x00000000       0x84
 .debug_loc     0x00000000       0x84 C:\apes\docs\lcpxpresso-projects\ARM\LPC1114\tests\CMSISv2p00_LPC11xx\Debug\libCMSISv2p00_LPC11xx.a(system_LPC11xx.o)
